Exporting with Webpack...
